vvvvvvvvvvvvvvvvvvvvvvvv
$: 1970-01-01T00:00:00.000000000Z010\"This is a log of an http header\"http209.85.202.100:80google.comGET10.67.21.59:48872
-timestamp: 1970-01-01T00:00:00.000000000Z
-sid: 0
-gid: 1
-rev: 0
-alert: \"This is a log of an http header\"
-protocol: http
-endpoint: 209.85.202.100:80
--addr: 209.85.202.100:80
---ip: 209.85.202.100
---port: 80
-host: google.com
-method: GET
-principal: 10.67.21.59:48872
--addr: 10.67.21.59:48872
---ip: 10.67.21.59
---port: 48872
^^^^^^^^^^^^^^^^^^^^^^^^
vvvvvvvvvvvvvvvvvvvvvvvv
$: 1970-01-01T00:00:00.000000000Z010\"This is a log of an http header\"http209.85.202.100:80google.comGET10.67.21.59:48872
-timestamp: 1970-01-01T00:00:00.000000000Z
-sid: 0
-gid: 1
-rev: 0
-log: \"This is a log of an http header\"
-protocol: http
-endpoint: 209.85.202.100:80
--addr: 209.85.202.100:80
---ip: 209.85.202.100
---port: 80
-host: google.com
-method: GET
-principal: 10.67.21.59:48872
--addr: 10.67.21.59:48872
---ip: 10.67.21.59
---port: 48872
^^^^^^^^^^^^^^^^^^^^^^^^
vvvvvvvvvvvvvvvvvvvvvvvv
$: 1970-01-01T00:00:00.000000000Z010\"This is a log of an http header\"http172.253.116.147:80www.google.comGET10.67.21.59:55904
-timestamp: 1970-01-01T00:00:00.000000000Z
-sid: 0
-gid: 1
-rev: 0
-alert: \"This is a log of an http header\"
-protocol: http
-endpoint: 172.253.116.147:80
--addr: 172.253.116.147:80
---ip: 172.253.116.147
---port: 80
-host: www.google.com
-method: GET
-principal: 10.67.21.59:55904
--addr: 10.67.21.59:55904
---ip: 10.67.21.59
---port: 55904
^^^^^^^^^^^^^^^^^^^^^^^^
vvvvvvvvvvvvvvvvvvvvvvvv
$: 1970-01-01T00:00:00.000000000Z010\"This is a log of an http header\"http172.253.116.147:80www.google.comGET10.67.21.59:55904
-timestamp: 1970-01-01T00:00:00.000000000Z
-sid: 0
-gid: 1
-rev: 0
-log: \"This is a log of an http header\"
-protocol: http
-endpoint: 172.253.116.147:80
--addr: 172.253.116.147:80
---ip: 172.253.116.147
---port: 80
-host: www.google.com
-method: GET
-principal: 10.67.21.59:55904
--addr: 10.67.21.59:55904
---ip: 10.67.21.59
---port: 55904
^^^^^^^^^^^^^^^^^^^^^^^^
------------------------
