vvvvvvvvvvvvvvvvvvvvvvvv
$: 1970-01-01T00:00:00.000000000ZArp missing reply10408000011:22:33:44:00:001.2.3.42.2.2.2
-timestamp: 1970-01-01T00:00:00.000000000Z
-alert: Arp missing reply
-sid: 1040
-gid: 8000
-rev: 0
-principal: 11:22:33:44:00:001.2.3.4
--mac: 11:22:33:44:00:00
--ip: 1.2.3.4
-looking_for: 2.2.2.2
--ip: 2.2.2.2
^^^^^^^^^^^^^^^^^^^^^^^^
------------------------
